::1 - - [02/Sep/2026 14:32:47] "GET / HTTP/1.1" 200 -
::1 - - [02/Sep/2026 14:32:47] "GET /css/styles.css HTTP/1.1" 200 -
::1 - - [02/Sep/2026 14:32:47] "GET /js/main.js HTTP/1.1" 200 -
::1 - - [02/Sep/2026 14:32:48] "GET /js/state.js HTTP/1.1" 200 -
::1 - - [02/Sep/2026 14:32:48] "GET /js/calculations.js HTTP/1.1" 200 -
::1 - - [02/Sep/2026 14:32:48] "GET /js/ui.js HTTP/1.1" 200 -
::1 - - [02/Sep/2026 14:32:48] "GET /js/storage.js HTTP/1.1" 200 -
::1 - - [02/Sep/2026 14:32:48] "GET /js/charts.js HTTP/1.1" 200 -
::1 - - [02/Sep/2026 14:34:11] "GET / HTTP/1.1" 200 -
::1 - - [02/Sep/2026 14:34:11] "GET /css/styles.css HTTP/1.1" 200 -
::1 - - [02/Sep/2026 14:34:11] "GET /js/main.js HTTP/1.1" 200 -
::1 - - [02/Sep/2026 14:34:11] "GET /js/state.js HTTP/1.1" 200 -
::1 - - [02/Sep/2026 14:34:11] "GET /js/ui.js HTTP/1.1" 200 -
::1 - - [02/Sep/2026 14:34:11] "GET /js/calculations.js HTTP/1.1" 200 -
::1 - - [02/Sep/2026 14:34:11] "GET /js/storage.js HTTP/1.1" 200 -
::1 - - [02/Sep/2026 14:34:11] "GET /js/charts.js HTTP/1.1" 200 -
::1 - - [02/Sep/2026 14:34:58] "GET / HTTP/1.1" 200 -
::1 - - [02/Sep/2026 14:34:58] "GET /css/styles.css HTTP/1.1" 200 -
::1 - - [02/Sep/2026 14:34:58] "GET /js/main.js HTTP/1.1" 200 -
::1 - - [02/Sep/2026 14:34:58] "GET /js/state.js HTTP/1.1" 200 -
::1 - - [02/Sep/2026 14:34:58] "GET /js/calculations.js HTTP/1.1" 200 -
::1 - - [02/Sep/2026 14:34:58] "GET /js/ui.js HTTP/1.1" 200 -
::1 - - [02/Sep/2026 14:34:58] "GET /js/storage.js HTTP/1.1" 200 -
::1 - - [02/Sep/2026 14:34:58] "GET /js/charts.js HTTP/1.1" 200 -
::1 - - [02/Sep/2026 14:35:13] "GET / HTTP/1.1" 200 -
::1 - - [02/Sep/2026 14:35:13] "GET /css/styles.css HTTP/1.1" 200 -
::1 - - [02/Sep/2026 14:35:13] "GET /js/main.js HTTP/1.1" 200 -
::1 - - [02/Sep/2026 14:35:14] "GET /js/state.js HTTP/1.1" 200 -
::1 - - [02/Sep/2026 14:35:14] "GET /js/calculations.js HTTP/1.1" 200 -
::1 - - [02/Sep/2026 14:35:14] "GET /js/ui.js HTTP/1.1" 200 -
::1 - - [02/Sep/2026 14:35:14] "GET /js/storage.js HTTP/1.1" 200 -
::1 - - [02/Sep/2026 14:35:14] "GET /js/charts.js HTTP/1.1" 200 -
::1 - - [02/Sep/2026 14:35:48] "GET / HTTP/1.1" 200 -
::1 - - [02/Sep/2026 14:35:48] "GET /css/styles.css HTTP/1.1" 200 -
::1 - - [02/Sep/2026 14:35:48] "GET /js/main.js HTTP/1.1" 200 -
::1 - - [02/Sep/2026 14:35:49] "GET /js/state.js HTTP/1.1" 200 -
::1 - - [02/Sep/2026 14:35:49] "GET /js/calculations.js HTTP/1.1" 200 -
::1 - - [02/Sep/2026 14:35:49] "GET /js/ui.js HTTP/1.1" 200 -
::1 - - [02/Sep/2026 14:35:49] "GET /js/storage.js HTTP/1.1" 200 -
::1 - - [02/Sep/2026 14:35:49] "GET /js/charts.js HTTP/1.1" 200 -
